 Starting Fixed Demographic Feature Extraction
Extracting: age (der_yob), gender (der_sex), payment type (pay_type)
================================================================================
EXTRACTING DEMOGRAPHIC FEATURES (FIXED)
Target columns: der_yob, der_sex, pay_type
================================================================================

1. Processing enrollment synthetic data (der_yob, der_sex)...
Found 200 accessible files
Loaded header with 9 columns from /sharefolder/IQVIA/header/header_enroll_synth.csv
  Column 0: der_sex
  Column 1: der_yob

File 2: part-00001-be1c9a7b-cfe4-4480-8db0-3ebd93a5194b-c000.csv
  Columns found: ['der_sex', 'der_yob', 'pat_id', 'pat_region', 'pat_state', 'pat_zip3', 'grp_indv_cd', 'mh_cd', 'enr_rel']...
  YOB column: der_yob
  Sex column: der_sex
  Sample YOB values: ['1973', '1977', '2012']
  Sample Sex values: ['F', 'M', 'M']
Processed file 30/200: 139476 valid records
Processed file 100/200: 140133 valid records

File 5: part-00004-be1c9a7b-cfe4-4480-8db0-3ebd93a5194b-c000.csv
  Columns found: ['der_sex', 'der_yob', 'pat_id', 'pat_region', 'pat_state', 'pat_zip3', 'grp_indv_cd', 'mh_cd', 'enr_rel']...
  YOB column: der_yob
  Sex column: der_sex
  Sample YOB values: ['1957', '1984', '1980']
  Sample Sex values: ['M', 'M', 'M']
Processed file 60/200: 139073 valid records
Processed file 140/200: 139671 valid records
Processed file 20/200: 138693 valid records
Processed file 90/200: 139681 valid records
Processed file 130/200: 139929 valid records
Processed file 170/200: 139412 valid records

File 1: part-00000-be1c9a7b-cfe4-4480-8db0-3ebd93a5194b-c000.csv
  Columns found: ['der_sex', 'der_yob', 'pat_id', 'pat_region', 'pat_state', 'pat_zip3', 'grp_indv_cd', 'mh_cd', 'enr_rel']...
  YOB column: der_yob
  Sex column: der_sex
  Sample YOB values: ['1979', '0000', '1988']
  Sample Sex values: ['F', 'F', 'F']
Processed file 40/200: 139311 valid records
Processed file 150/200: 139680 valid records

File 4: part-00003-be1c9a7b-cfe4-4480-8db0-3ebd93a5194b-c000.csv
  Columns found: ['der_sex', 'der_yob', 'pat_id', 'pat_region', 'pat_state', 'pat_zip3', 'grp_indv_cd', 'mh_cd', 'enr_rel']...
  YOB column: der_yob
  Sex column: der_sex
  Sample YOB values: ['1991', '1979', '1965']
  Sample Sex values: ['M', 'F', 'F']
Processed file 70/200: 139813 valid records
Processed file 110/200: 139092 valid records
Processed file 190/200: 140555 valid records

File 3: part-00002-be1c9a7b-cfe4-4480-8db0-3ebd93a5194b-c000.csv
  Columns found: ['der_sex', 'der_yob', 'pat_id', 'pat_region', 'pat_state', 'pat_zip3', 'grp_indv_cd', 'mh_cd', 'enr_rel']...
  YOB column: der_yob
  Sex column: der_sex
  Sample YOB values: ['1941', '1971', '2009']
  Sample Sex values: ['F', 'F', 'M']
Processed file 80/200: 138975 valid records
Processed file 120/200: 139537 valid records
Processed file 160/200: 139444 valid records
Processed file 180/200: 139602 valid records
Processed file 10/200: 139979 valid records
Processed file 50/200: 139442 valid records
Processed file 200/200: 139886 valid records
