No GPU found, using CPU
Loading dataset...
Initial dataset shape: (1612200, 29)
Dropped columns: ['pat_id', 'most_recent_date', 'start_date_180_days', 'start_date_2_years']

Encoding categorical variables...

Final feature count: 24
Features: ['Unnamed: 0', 'MME_last_365_days', 'MME_last_2_years', 'MME_prior_1_year', 'MME_120_2_years', 'prscbr_last_2_years', 'prscrbr_last_180_days', 'age', 'der_sex', 'pay_type']...

Class distribution:
Non-OUD (0): 1445276 (89.65%)
OUD (1): 166924 (10.35%)
Class weights: {0: 0.5577481394557164, 1: 4.829143801969758}

Train set: (1129184, 24)
Validation set: (241186, 24)
Test set: (241830, 24)
================================================================================
RUNNING SIMPLE NEURAL NETWORK EXPERIMENTS
================================================================================

============================================================
EXPERIMENT 1: Single Layer NN (LR=0.01, Epochs=100)
============================================================

Model Summary:
Model: "sequential"
┏━━━━━━━━━━━━━━━━━━━━━━━━━━━━━━━━━┳━━━━━━━━━━━━━━━━━━━━━━━━┳━━━━━━━━━━━━━━━┓
┃ Layer (type)                    ┃ Output Shape           ┃       Param # ┃
┡━━━━━━━━━━━━━━━━━━━━━━━━━━━━━━━━━╇━━━━━━━━━━━━━━━━━━━━━━━━╇━━━━━━━━━━━━━━━┩
│ dense (Dense)                   │ (None, 1)              │            25 │
└─────────────────────────────────┴────────────────────────┴───────────────┘
 Total params: 25 (100.00 B)
 Trainable params: 25 (100.00 B)
 Non-trainable params: 0 (0.00 B)

Training Single Layer NN (LR=0.01)...
Training completed - Final epoch 23
Final - Train Loss: 0.6352, Val Loss: 0.6215
Final - Train AUC: 0.6907, Val AUC: 0.6941

Evaluating Single Layer NN (Config 1)...

Detailed Results for Single Layer NN (Config 1):
Precision: 0.2040
Recall: 0.5403
Specificity: 0.7565
NPV: 0.9344
AUC-ROC: 0.6953
Accuracy: 0.7342

Confusion Matrix:
TP: 13529, TN: 164011, FP: 52780, FN: 11510
Total observations: 241830

Running 5-fold cross-validation for Single Layer NN (LR=0.01)...
  Fold 1/5...  Fold 2/5...  Fold 3/5...  Fold 4/5...  Fold 5/5...
Cross-validation AUC: 0.6919 (±0.0029)

============================================================
EXPERIMENT 2: Single Layer NN (LR=0.001, Epochs=100)
============================================================

Training Single Layer NN (LR=0.001)...
Training completed - Final epoch 36
Final - Train Loss: 0.6325, Val Loss: 0.6308
Final - Train AUC: 0.6954, Val AUC: 0.6958

Evaluating Single Layer NN (Config 2)...

Detailed Results for Single Layer NN (Config 2):
Precision: 0.1994
Recall: 0.5582
Specificity: 0.7411
NPV: 0.9356
AUC-ROC: 0.6963
Accuracy: 0.7221

Confusion Matrix:
TP: 13976, TN: 160661, FP: 56130, FN: 11063
Total observations: 241830

Running 5-fold cross-validation for Single Layer NN (LR=0.001)...
  Fold 1/5...  Fold 2/5...  Fold 3/5...  Fold 4/5...  Fold 5/5...
Cross-validation AUC: 0.6952 (±0.0022)

============================================================
EXPERIMENT 3: Single Layer NN (LR=0.001, Epochs=200)
============================================================

Training Single Layer NN (LR=0.001, E=200)...
Training completed - Final epoch 29
Final - Train Loss: 0.6325, Val Loss: 0.6308
Final - Train AUC: 0.6954, Val AUC: 0.6958

Evaluating Single Layer NN (Config 3)...

Detailed Results for Single Layer NN (Config 3):
Precision: 0.1993
Recall: 0.5578
Specificity: 0.7412
NPV: 0.9355
AUC-ROC: 0.6963
Accuracy: 0.7222

Confusion Matrix:
TP: 13966, TN: 160687, FP: 56104, FN: 11073
Total observations: 241830

============================================================
EXPERIMENT 4: 3 Layer NN Model
============================================================

Model Summary:
Model: "sequential_1"
┏━━━━━━━━━━━━━━━━━━━━━━━━━━━━━━━━━┳━━━━━━━━━━━━━━━━━━━━━━━━┳━━━━━━━━━━━━━━━┓
┃ Layer (type)                    ┃ Output Shape           ┃       Param # ┃
┡━━━━━━━━━━━━━━━━━━━━━━━━━━━━━━━━━╇━━━━━━━━━━━━━━━━━━━━━━━━╇━━━━━━━━━━━━━━━┩
│ dense_1 (Dense)                 │ (None, 128)            │         3,200 │
├─────────────────────────────────┼────────────────────────┼───────────────┤
│ dense_2 (Dense)                 │ (None, 64)             │         8,256 │
├─────────────────────────────────┼────────────────────────┼───────────────┤
│ dense_3 (Dense)                 │ (None, 1)              │            65 │
└─────────────────────────────────┴────────────────────────┴───────────────┘
 Total params: 11,521 (45.00 KB)
 Trainable params: 11,521 (45.00 KB)
 Non-trainable params: 0 (0.00 B)

Training 3 Layer NN...
Training completed - Final epoch 24
Final - Train Loss: 0.6385, Val Loss: 0.6162
Final - Train AUC: 0.6866, Val AUC: 0.6919

Evaluating 3 Layer NN Model...

Detailed Results for 3 Layer NN Model:
Precision: 0.2114
Recall: 0.5031
Specificity: 0.7833
NPV: 0.9317
AUC-ROC: 0.6918
Accuracy: 0.7543

Confusion Matrix:
TP: 12596, TN: 169816, FP: 46975, FN: 12443
Total observations: 241830

Running 5-fold cross-validation for 3 Layer NN...
  Fold 1/5...  Fold 2/5...  Fold 3/5...  Fold 4/5...  Fold 5/5...
Cross-validation AUC: 0.6815 (±0.0104)

Full results saved to 'simple_nn_results_full.csv'

================================================================================
MODEL PERFORMANCE SUMMARY TABLE
================================================================================
                            Model Precision Recall Specificity AUC-ROC Cross-Validation
 Single Layer NN (LR=0.01, E=100)    0.2040 0.5403      0.7565  0.6953           0.6919
Single Layer NN (LR=0.001, E=100)    0.1994 0.5582      0.7411  0.6963           0.6952
Single Layer NN (LR=0.001, E=200)    0.1993 0.5578      0.7412  0.6963           0.6952
      3 Layer NN (LR=0.01, E=100)    0.2114 0.5031      0.7833  0.6918           0.6815

================================================================================
ALL EXPERIMENTS COMPLETED
================================================================================

Output files:
  - simple_nn_results_full.csv (full results matching CSV format)
  - simple_nn_summary.csv (summary table)
  - simple_nn_metrics_comparison.png
  - simple_nn_confusion_matrices.png
  - best_*.h5 (saved model weights)
