No GPU found, using CPU
Loading dataset...
Initial dataset shape: (1612200, 29)

Encoding categorical variables...

Class distribution:
Non-OUD (0): 1445276 (89.65%)
OUD (1): 166924 (10.35%)
Imbalance ratio: 1:8.7

Train set: (1129184, 24)
Validation set: (241186, 24)
Test set: (241830, 24)
================================================================================
BiGAN-BASED OUD PREDICTION PIPELINE
================================================================================

Building BiGAN components...

Generator architecture:
Model: "generator"
┏━━━━━━━━━━━━━━━━━━━━━━━━━━━━━━━━━┳━━━━━━━━━━━━━━━━━━━━━━━━┳━━━━━━━━━━━━━━━┓
┃ Layer (type)                    ┃ Output Shape           ┃       Param # ┃
┡━━━━━━━━━━━━━━━━━━━━━━━━━━━━━━━━━╇━━━━━━━━━━━━━━━━━━━━━━━━╇━━━━━━━━━━━━━━━┩
│ input_layer (InputLayer)        │ (None, 100)            │             0 │
├─────────────────────────────────┼────────────────────────┼───────────────┤
│ dense (Dense)                   │ (None, 256)            │        25,856 │
├─────────────────────────────────┼────────────────────────┼───────────────┤
│ leaky_re_lu (LeakyReLU)         │ (None, 256)            │             0 │
├─────────────────────────────────┼────────────────────────┼───────────────┤
│ batch_normalization             │ (None, 256)            │         1,024 │
│ (BatchNormalization)            │                        │               │
├─────────────────────────────────┼────────────────────────┼───────────────┤
│ dense_1 (Dense)                 │ (None, 512)            │       131,584 │
├─────────────────────────────────┼────────────────────────┼───────────────┤
│ leaky_re_lu_1 (LeakyReLU)       │ (None, 512)            │             0 │
├─────────────────────────────────┼────────────────────────┼───────────────┤
│ batch_normalization_1           │ (None, 512)            │         2,048 │
│ (BatchNormalization)            │                        │               │
├─────────────────────────────────┼────────────────────────┼───────────────┤
│ dense_2 (Dense)                 │ (None, 512)            │       262,656 │
├─────────────────────────────────┼────────────────────────┼───────────────┤
│ leaky_re_lu_2 (LeakyReLU)       │ (None, 512)            │             0 │
├─────────────────────────────────┼────────────────────────┼───────────────┤
│ batch_normalization_2           │ (None, 512)            │         2,048 │
│ (BatchNormalization)            │                        │               │
├─────────────────────────────────┼────────────────────────┼───────────────┤
│ dense_3 (Dense)                 │ (None, 256)            │       131,328 │
├─────────────────────────────────┼────────────────────────┼───────────────┤
│ leaky_re_lu_3 (LeakyReLU)       │ (None, 256)            │             0 │
├─────────────────────────────────┼────────────────────────┼───────────────┤
│ batch_normalization_3           │ (None, 256)            │         1,024 │
│ (BatchNormalization)            │                        │               │
├─────────────────────────────────┼────────────────────────┼───────────────┤
│ dense_4 (Dense)                 │ (None, 24)             │         6,168 │
└─────────────────────────────────┴────────────────────────┴───────────────┘
 Total params: 563,736 (2.15 MB)
 Trainable params: 560,664 (2.14 MB)
 Non-trainable params: 3,072 (12.00 KB)

Encoder architecture:
Model: "encoder"
┏━━━━━━━━━━━━━━━━━━━━━━━━━━━━━━━━━┳━━━━━━━━━━━━━━━━━━━━━━━━┳━━━━━━━━━━━━━━━┓
┃ Layer (type)                    ┃ Output Shape           ┃       Param # ┃
┡━━━━━━━━━━━━━━━━━━━━━━━━━━━━━━━━━╇━━━━━━━━━━━━━━━━━━━━━━━━╇━━━━━━━━━━━━━━━┩
│ input_layer_1 (InputLayer)      │ (None, 24)             │             0 │
├─────────────────────────────────┼────────────────────────┼───────────────┤
│ dense_5 (Dense)                 │ (None, 256)            │         6,400 │
├─────────────────────────────────┼────────────────────────┼───────────────┤
│ leaky_re_lu_4 (LeakyReLU)       │ (None, 256)            │             0 │
├─────────────────────────────────┼────────────────────────┼───────────────┤
│ dropout (Dropout)               │ (None, 256)            │             0 │
├─────────────────────────────────┼────────────────────────┼───────────────┤
│ dense_6 (Dense)                 │ (None, 512)            │       131,584 │
├─────────────────────────────────┼────────────────────────┼───────────────┤
│ leaky_re_lu_5 (LeakyReLU)       │ (None, 512)            │             0 │
├─────────────────────────────────┼────────────────────────┼───────────────┤
│ dropout_1 (Dropout)             │ (None, 512)            │             0 │
├─────────────────────────────────┼────────────────────────┼───────────────┤
│ dense_7 (Dense)                 │ (None, 512)            │       262,656 │
├─────────────────────────────────┼────────────────────────┼───────────────┤
│ leaky_re_lu_6 (LeakyReLU)       │ (None, 512)            │             0 │
├─────────────────────────────────┼────────────────────────┼───────────────┤
│ dropout_2 (Dropout)             │ (None, 512)            │             0 │
├─────────────────────────────────┼────────────────────────┼───────────────┤
│ dense_8 (Dense)                 │ (None, 256)            │       131,328 │
├─────────────────────────────────┼────────────────────────┼───────────────┤
│ leaky_re_lu_7 (LeakyReLU)       │ (None, 256)            │             0 │
├─────────────────────────────────┼────────────────────────┼───────────────┤
│ dropout_3 (Dropout)             │ (None, 256)            │             0 │
├─────────────────────────────────┼────────────────────────┼───────────────┤
│ dense_9 (Dense)                 │ (None, 100)            │        25,700 │
└─────────────────────────────────┴────────────────────────┴───────────────┘
 Total params: 557,668 (2.13 MB)
 Trainable params: 557,668 (2.13 MB)
 Non-trainable params: 0 (0.00 B)

Discriminator architecture:
Model: "discriminator"
┏━━━━━━━━━━━━━━━━━━━━━┳━━━━━━━━━━━━━━━━━━━┳━━━━━━━━━━━━┳━━━━━━━━━━━━━━━━━━━┓
┃ Layer (type)        ┃ Output Shape      ┃    Param # ┃ Connected to      ┃
┡━━━━━━━━━━━━━━━━━━━━━╇━━━━━━━━━━━━━━━━━━━╇━━━━━━━━━━━━╇━━━━━━━━━━━━━━━━━━━┩
│ input_layer_2       │ (None, 24)        │          0 │ -                 │
│ (InputLayer)        │                   │            │                   │
├─────────────────────┼───────────────────┼────────────┼───────────────────┤
│ input_layer_3       │ (None, 100)       │          0 │ -                 │
│ (InputLayer)        │                   │            │                   │
├─────────────────────┼───────────────────┼────────────┼───────────────────┤
│ dense_10 (Dense)    │ (None, 256)       │      6,400 │ input_layer_2[0]… │
├─────────────────────┼───────────────────┼────────────┼───────────────────┤
│ dense_11 (Dense)    │ (None, 256)       │     25,856 │ input_layer_3[0]… │
├─────────────────────┼───────────────────┼────────────┼───────────────────┤
│ leaky_re_lu_8       │ (None, 256)       │          0 │ dense_10[0][0]    │
│ (LeakyReLU)         │                   │            │                   │
├─────────────────────┼───────────────────┼────────────┼───────────────────┤
│ leaky_re_lu_9       │ (None, 256)       │          0 │ dense_11[0][0]    │
│ (LeakyReLU)         │                   │            │                   │
├─────────────────────┼───────────────────┼────────────┼───────────────────┤
│ dropout_4 (Dropout) │ (None, 256)       │          0 │ leaky_re_lu_8[0]… │
├─────────────────────┼───────────────────┼────────────┼───────────────────┤
│ dropout_5 (Dropout) │ (None, 256)       │          0 │ leaky_re_lu_9[0]… │
├─────────────────────┼───────────────────┼────────────┼───────────────────┤
│ concatenate         │ (None, 512)       │          0 │ dropout_4[0][0],  │
│ (Concatenate)       │                   │            │ dropout_5[0][0]   │
├─────────────────────┼───────────────────┼────────────┼───────────────────┤
│ dense_12 (Dense)    │ (None, 512)       │    262,656 │ concatenate[0][0] │
├─────────────────────┼───────────────────┼────────────┼───────────────────┤
│ leaky_re_lu_10      │ (None, 512)       │          0 │ dense_12[0][0]    │
│ (LeakyReLU)         │                   │            │                   │
├─────────────────────┼───────────────────┼────────────┼───────────────────┤
│ dropout_6 (Dropout) │ (None, 512)       │          0 │ leaky_re_lu_10[0… │
├─────────────────────┼───────────────────┼────────────┼───────────────────┤
│ dense_13 (Dense)    │ (None, 256)       │    131,328 │ dropout_6[0][0]   │
├─────────────────────┼───────────────────┼────────────┼───────────────────┤
│ leaky_re_lu_11      │ (None, 256)       │          0 │ dense_13[0][0]    │
│ (LeakyReLU)         │                   │            │                   │
├─────────────────────┼───────────────────┼────────────┼───────────────────┤
│ dropout_7 (Dropout) │ (None, 256)       │          0 │ leaky_re_lu_11[0… │
├─────────────────────┼───────────────────┼────────────┼───────────────────┤
│ dense_14 (Dense)    │ (None, 128)       │     32,896 │ dropout_7[0][0]   │
├─────────────────────┼───────────────────┼────────────┼───────────────────┤
│ leaky_re_lu_12      │ (None, 128)       │          0 │ dense_14[0][0]    │
│ (LeakyReLU)         │                   │            │                   │
├─────────────────────┼───────────────────┼────────────┼───────────────────┤
│ dropout_8 (Dropout) │ (None, 128)       │          0 │ leaky_re_lu_12[0… │
├─────────────────────┼───────────────────┼────────────┼───────────────────┤
│ dense_15 (Dense)    │ (None, 1)         │        129 │ dropout_8[0][0]   │
└─────────────────────┴───────────────────┴────────────┴───────────────────┘
 Total params: 459,265 (1.75 MB)
 Trainable params: 459,265 (1.75 MB)
 Non-trainable params: 0 (0.00 B)
